<html>
<body>
<pre>
<h1>µVision Build Log</h1>
<h2>Project:</h2>
D:\_program\STM32\F1_program\LED\User\STM32_practice.uvproj
Project File Date:  08/15/2014

<h2>Output:</h2>
Build target 'STM32_practice'
linking...
Program Size: Code=2800 RO-data=336 RW-data=40 ZI-data=1632  
FromELF: creating hex file...
"..\OUTPUT\STM32_practice.axf" - 0 Error(s), 0 Warning(s).
Build target 'STM32_practice'
linking...
Program Size: Code=2800 RO-data=336 RW-data=40 ZI-data=1632  
FromELF: creating hex file...
"..\OUTPUT\LED.axf" - 0 Error(s), 0 Warning(s).
Build target 'STM32_practice'
linking...
Program Size: Code=2800 RO-data=336 RW-data=40 ZI-data=1632  
FromELF: creating hex file...
User command #1: D:\ µ—È “\®àSTM32\ARM\BIN40\fromelf.exe --bin -o ..\OUTPUT\LED.bin ..\OUTPUT\LED.axf
"..\OUTPUT\LED.axf" - 0 Error(s), 0 Warning(s).
